C:\Users\Patrycja\workspace\Thread 2K\bin>java Thread2K.class
Error: Could not find or load main class Thread2K.class

C:\Users\Patrycja\workspace\Thread 2K\bin>java Thread2K
Program do tworzenia N wątków
use: Thread2K [count] [TTL]

Threads' Count: 2K
Threads' TTL  : 10s
        2000 10000

Wed May 30 20:21:31 CEST 2018
Wed May 30 20:21:31 CEST 2018
Fin.
Wed May 30 20:21:41 CEST 2018

C:\Users\Patrycja\workspace\Thread 2K\bin>java Thread2K 100 3
Program do tworzenia N wątków
use: Thread2K [count] [TTL]

Threads' Count: 100K
Threads' TTL  : 30s
        100000 30000

Wed May 30 20:22:10 CEST 2018
Wed May 30 20:31:51 CEST 2018
Fin.
Wed May 30 20:32:21 CEST 2018

C:\Users\Patrycja\workspace\Thread 2K\bin>java Thread2K 64 30
Program do tworzenia N wątków
use: Thread2K [count] [TTL]

Threads' Count: 64K
Threads' TTL  : 30s
        64000 30000

Wed May 30 20:33:31 CEST 2018
Wed May 30 20:33:51 CEST 2018
Fin.
Wed May 30 20:42:36 CEST 2018

C:\Users\Patrycja\workspace\Thread 2K\bin>java Thread2K 32 15
Program do tworzenia N wątków
use: Thread2K [count] [TTL]

Threads' Count: 32K
Threads' TTL  : 15s
        32000 15000

Wed May 30 20:44:03 CEST 2018
Wed May 30 20:44:13 CEST 2018
Fin.
Wed May 30 20:46:15 CEST 2018

C:\Users\Patrycja\workspace\Thread 2K\bin>java Thread2K 20
Program do tworzenia N wątków
use: Thread2K [count] [TTL]

Threads' Count: 20K
Threads' TTL  : 10s
        20000 10000

Wed May 30 20:48:30 CEST 2018
Wed May 30 20:48:36 CEST 2018
Fin.
Wed May 30 20:49:00 CEST 2018

C:\Users\Patrycja\workspace\Thread 2K\bin>java Thread2K 10
Program do tworzenia N wątków
use: Thread2K [count] [TTL]

Threads' Count: 10K
Threads' TTL  : 10s
        10000 10000

Wed May 30 20:51:18 CEST 2018
Wed May 30 20:51:21 CEST 2018
Fin.
Wed May 30 20:51:31 CEST 2018*

Program do masowego tworzenia wątków
use: Thread2K [count] [TTL]

Threads' Count: 25K
Threads' TTL  : 10s
25 000 10 000

Thu May 31 10:37:40 CEST 2018
Thu May 31 10:37:47 CEST 2018
Fin.
Thread #     0 finished at: Thu May 31 10:37:50 CEST 2018*
Thread #24 999 finished at: Thu May 31 10:37:57 CEST 2018*

C:\Users\Patrycja\workspace\Thread 2K\bin>java Thread2K 30 20
Program do masowego tworzenia w╣tkˇw
use: Thread2K [count] [TTL]

Threads' Count: 30K
Threads' TTL  : 20s
30á000  20á000

Threads' creation start time: Thu May 31 14:28:40 CEST 2018
Threads' creation stop  time: Thu May 31 14:28:51 CEST 2018
Fin.
Thread       0 finished at  : Thu May 31 14:29:00 CEST 2018
Thread  29á999 finished at  : Thu May 31 14:29:11 CEST 2018